[demo.hasthemes.com/naturecircle-v2/naturecircle/index.html]
[backblue.gif]
[fade.gif]
[index.html]
[demo.hasthemes.com/naturecircle-v2/naturecircle/assets/img/favicon.png]
[demo.hasthemes.com/naturecircle-v2/naturecircle/assets/css/bootstrap.min.css]
[demo.hasthemes.com/naturecircle-v2/naturecircle/assets/css/font-awesome.min.css]
[demo.hasthemes.com/naturecircle-v2/naturecircle/assets/css/ie7.css]
[demo.hasthemes.com/naturecircle-v2/naturecircle/assets/css/plugins.css]
[demo.hasthemes.com/naturecircle-v2/naturecircle/assets/css/style.css]
[demo.hasthemes.com/naturecircle-v2/naturecircle/assets/js/vendor/modernizr-3.5.0.min.js]
[demo.hasthemes.com/naturecircle-v2/naturecircle/index-2.html]
[demo.hasthemes.com/naturecircle-v2/naturecircle/index-3.html]
[demo.hasthemes.com/naturecircle-v2/naturecircle/index-4.html]
[demo.hasthemes.com/naturecircle-v2/naturecircle/assets/img/banner/menu-1.jpg]
[demo.hasthemes.com/naturecircle-v2/naturecircle/assets/img/banner/menu-2.jpg]
[demo.hasthemes.com/naturecircle-v2/naturecircle/assets/img/banner/menu-3.jpg]
[demo.hasthemes.com/naturecircle-v2/naturecircle/shop.html]
[demo.hasthemes.com/naturecircle-v2/naturecircle/shop-full-width.html]
[demo.hasthemes.com/naturecircle-v2/naturecircle/shop-right-sidebar.html]
[demo.hasthemes.com/naturecircle-v2/naturecircle/cart.html]
[demo.hasthemes.com/naturecircle-v2/naturecircle/wishlist.html]
[demo.hasthemes.com/naturecircle-v2/naturecircle/checkout.html]
[demo.hasthemes.com/naturecircle-v2/naturecircle/product-details.html]
[demo.hasthemes.com/naturecircle-v2/naturecircle/blog.html]
[demo.hasthemes.com/naturecircle-v2/naturecircle/blog-2-column.html]
[demo.hasthemes.com/naturecircle-v2/naturecircle/blog-3-column.html]
[demo.hasthemes.com/naturecircle-v2/naturecircle/blog-left-sidebar.html]
[demo.hasthemes.com/naturecircle-v2/naturecircle/blog-details.html]
[demo.hasthemes.com/naturecircle-v2/naturecircle/contact.html]
[demo.hasthemes.com/naturecircle-v2/naturecircle/assets/img/logo/logo.png]
[demo.hasthemes.com/naturecircle-v2/naturecircle/blog-details-left-sidebar.html]
[demo.hasthemes.com/naturecircle-v2/naturecircle/assets/img/icon/flag-1.png]
[demo.hasthemes.com/naturecircle-v2/naturecircle/assets/img/icon/flag-2.png]
[demo.hasthemes.com/naturecircle-v2/naturecircle/assets/img/cart/1.jpg]
[demo.hasthemes.com/naturecircle-v2/naturecircle/assets/img/cart/2.jpg]
[demo.hasthemes.com/naturecircle-v2/naturecircle/assets/img/slider/1.jpg]
[demo.hasthemes.com/naturecircle-v2/naturecircle/404.html]
[demo.hasthemes.com/naturecircle-v2/naturecircle/assets/img/slider/2.jpg]
[demo.hasthemes.com/naturecircle-v2/naturecircle/assets/img/banner/text.png]
[demo.hasthemes.com/naturecircle-v2/naturecircle/assets/img/icon/tea.png]
[demo.hasthemes.com/naturecircle-v2/naturecircle/assets/img/icon/border.png]
[demo.hasthemes.com/naturecircle-v2/naturecircle/assets/img/icon/burger.png]
[demo.hasthemes.com/naturecircle-v2/naturecircle/assets/img/icon/fruit.png]
[demo.hasthemes.com/naturecircle-v2/naturecircle/assets/img/icon/drinks.png]
[demo.hasthemes.com/naturecircle-v2/naturecircle/assets/img/icon/vegetable.png]
[demo.hasthemes.com/naturecircle-v2/naturecircle/assets/img/icon/title.png]
[demo.hasthemes.com/naturecircle-v2/naturecircle/assets/img/product/1.jpg]
[demo.hasthemes.com/naturecircle-v2/naturecircle/assets/img/product/2.jpg]
[demo.hasthemes.com/naturecircle-v2/naturecircle/assets/img/product/3.jpg]
[demo.hasthemes.com/naturecircle-v2/naturecircle/assets/img/product/4.jpg]
[demo.hasthemes.com/naturecircle-v2/naturecircle/assets/img/product/5.jpg]
[demo.hasthemes.com/naturecircle-v2/naturecircle/assets/img/product/6.jpg]
[demo.hasthemes.com/naturecircle-v2/naturecircle/assets/img/product/7.jpg]
[demo.hasthemes.com/naturecircle-v2/naturecircle/assets/img/product/8.jpg]
[demo.hasthemes.com/naturecircle-v2/naturecircle/assets/img/product/9.jpg]
[demo.hasthemes.com/naturecircle-v2/naturecircle/assets/img/product/10.jpg]
[demo.hasthemes.com/naturecircle-v2/naturecircle/assets/img/product/11.jpg]
[demo.hasthemes.com/naturecircle-v2/naturecircle/assets/img/product/12.jpg]
[demo.hasthemes.com/naturecircle-v2/naturecircle/assets/img/product/13.jpg]
[demo.hasthemes.com/naturecircle-v2/naturecircle/assets/img/product/14.jpg]
[demo.hasthemes.com/naturecircle-v2/naturecircle/assets/img/product/15.jpg]
[demo.hasthemes.com/naturecircle-v2/naturecircle/assets/img/product/16.jpg]
[demo.hasthemes.com/naturecircle-v2/naturecircle/assets/img/product/17.jpg]
[demo.hasthemes.com/naturecircle-v2/naturecircle/assets/img/product/18.jpg]
[demo.hasthemes.com/naturecircle-v2/naturecircle/assets/img/product/19.jpg]
[demo.hasthemes.com/naturecircle-v2/naturecircle/assets/img/product/20.jpg]
[demo.hasthemes.com/naturecircle-v2/naturecircle/assets/img/icon/mark.png]
[demo.hasthemes.com/naturecircle-v2/naturecircle/assets/img/banner/1.jpg]
[demo.hasthemes.com/naturecircle-v2/naturecircle/assets/img/featured/4.jpg]
[demo.hasthemes.com/naturecircle-v2/naturecircle/assets/img/featured/17.jpg]
[demo.hasthemes.com/naturecircle-v2/naturecircle/assets/img/featured/7.jpg]
[demo.hasthemes.com/naturecircle-v2/naturecircle/assets/img/featured/15.jpg]
[demo.hasthemes.com/naturecircle-v2/naturecircle/assets/img/featured/1.jpg]
[demo.hasthemes.com/naturecircle-v2/naturecircle/assets/img/featured/2.jpg]
[demo.hasthemes.com/naturecircle-v2/naturecircle/assets/img/featured/3.jpg]
[demo.hasthemes.com/naturecircle-v2/naturecircle/assets/img/featured/5.jpg]
[demo.hasthemes.com/naturecircle-v2/naturecircle/assets/img/featured/6.jpg]
[demo.hasthemes.com/naturecircle-v2/naturecircle/assets/img/featured/8.jpg]
[demo.hasthemes.com/naturecircle-v2/naturecircle/assets/img/featured/9.jpg]
[demo.hasthemes.com/naturecircle-v2/naturecircle/assets/img/featured/10.jpg]
[demo.hasthemes.com/naturecircle-v2/naturecircle/assets/img/featured/12.jpg]
[demo.hasthemes.com/naturecircle-v2/naturecircle/assets/img/featured/13.jpg]
[demo.hasthemes.com/naturecircle-v2/naturecircle/assets/img/featured/14.jpg]
[demo.hasthemes.com/naturecircle-v2/naturecircle/assets/img/featured/16.jpg]
[demo.hasthemes.com/naturecircle-v2/naturecircle/assets/img/featured/18.jpg]
[demo.hasthemes.com/naturecircle-v2/naturecircle/assets/img/featured/19.jpg]
[demo.hasthemes.com/naturecircle-v2/naturecircle/assets/img/icon/quote.png]
[demo.hasthemes.com/naturecircle-v2/naturecircle/assets/img/testimonial/1.png]
[demo.hasthemes.com/naturecircle-v2/naturecircle/assets/img/testimonial/2.png]
[demo.hasthemes.com/naturecircle-v2/naturecircle/assets/img/testimonial/3.png]
[demo.hasthemes.com/naturecircle-v2/naturecircle/assets/img/blog/1.jpg]
[demo.hasthemes.com/naturecircle-v2/naturecircle/assets/img/blog/2.jpg]
[demo.hasthemes.com/naturecircle-v2/naturecircle/assets/img/blog/3.jpg]
[demo.hasthemes.com/naturecircle-v2/naturecircle/assets/img/icon/rocket.png]
[demo.hasthemes.com/naturecircle-v2/naturecircle/assets/img/icon/money.png]
[demo.hasthemes.com/naturecircle-v2/naturecircle/assets/img/icon/support.png]
[demo.hasthemes.com/naturecircle-v2/naturecircle/assets/img/instagram/1.jpg]
[demo.hasthemes.com/naturecircle-v2/naturecircle/assets/img/instagram/2.jpg]
[demo.hasthemes.com/naturecircle-v2/naturecircle/assets/img/instagram/3.jpg]
[demo.hasthemes.com/naturecircle-v2/naturecircle/assets/img/instagram/4.jpg]
[demo.hasthemes.com/naturecircle-v2/naturecircle/assets/img/instagram/5.jpg]
[demo.hasthemes.com/naturecircle-v2/naturecircle/assets/img/instagram/6.jpg]
[demo.hasthemes.com/naturecircle-v2/naturecircle/assets/img/instagram/7.jpg]
[demo.hasthemes.com/naturecircle-v2/naturecircle/assets/img/instagram/8.jpg]
[demo.hasthemes.com/naturecircle-v2/naturecircle/assets/img/payment.png]
[demo.hasthemes.com/naturecircle-v2/naturecircle/assets/js/popper.min.js]
[demo.hasthemes.com/naturecircle-v2/naturecircle/assets/js/ajax-mail.js]
[demo.hasthemes.com/naturecircle-v2/naturecircle/assets/js/main.js]
[demo.hasthemes.com/naturecircle-v2/naturecircle/index.html]
[demo.hasthemes.com/naturecircle-v2/naturecircle/assets/js/bootstrap.min.js]
[demo.hasthemes.com/naturecircle-v2/naturecircle/assets/css/bootstrap.min.css]
[demo.hasthemes.com/naturecircle-v2/naturecircle/assets/fonts/fontawesome-webfont3e6e.eot]
[demo.hasthemes.com/naturecircle-v2/naturecircle/assets/fonts/fontawesome-webfontd41d.eot]
[demo.hasthemes.com/naturecircle-v2/naturecircle/assets/js/vendor/jquery-3.2.1.min.js]
[demo.hasthemes.com/naturecircle-v2/naturecircle/assets/js/plugins.js]
[demo.hasthemes.com/naturecircle-v2/naturecircle/assets/fonts/fontawesome-webfont3e6e.woff2]
[demo.hasthemes.com/naturecircle-v2/naturecircle/assets/fonts/fontawesome-webfont3e6e.woff]
[demo.hasthemes.com/naturecircle-v2/naturecircle/assets/css/font-awesome.min.css]
[demo.hasthemes.com/naturecircle-v2/naturecircle/assets/fonts/fontawesome-webfont3e6e.svg]
[demo.hasthemes.com/naturecircle-v2/naturecircle/assets/fonts/Stroke-Gap-Icons.eot]
[demo.hasthemes.com/naturecircle-v2/naturecircle/assets/css/ie7.css]
[demo.hasthemes.com/naturecircle-v2/naturecircle/assets/css/plugins.css]
[demo.hasthemes.com/naturecircle-v2/naturecircle/assets/img/icon/line.png]
[demo.hasthemes.com/naturecircle-v2/naturecircle/assets/img/bg/1.jpg]
[demo.hasthemes.com/naturecircle-v2/naturecircle/assets/img/bg/2.png]
[demo.hasthemes.com/naturecircle-v2/naturecircle/assets/img/bg/3.jpg]
[demo.hasthemes.com/naturecircle-v2/naturecircle/assets/img/bg/4.jpg]
[demo.hasthemes.com/naturecircle-v2/naturecircle/assets/fonts/fontawesome-webfont3e6e.ttf]
[demo.hasthemes.com/naturecircle-v2/naturecircle/assets/img/bg/5.jpg]
[demo.hasthemes.com/naturecircle-v2/naturecircle/assets/img/bg/7.png]
[demo.hasthemes.com/naturecircle-v2/naturecircle/assets/img/bg/8.jpg]
[demo.hasthemes.com/naturecircle-v2/naturecircle/assets/img/bg/9.jpg]
[demo.hasthemes.com/naturecircle-v2/naturecircle/assets/img/bg/10.jpg]
[demo.hasthemes.com/naturecircle-v2/naturecircle/assets/img/bg/11.jpg]
[demo.hasthemes.com/naturecircle-v2/naturecircle/assets/img/bg/12.jpg]
[demo.hasthemes.com/naturecircle-v2/naturecircle/assets/img/icon/line_right.png]
[demo.hasthemes.com/naturecircle-v2/naturecircle/assets/css/style.css]
[demo.hasthemes.com/naturecircle-v2/naturecircle/assets/img/slider/3.jpg]
[demo.hasthemes.com/naturecircle-v2/naturecircle/assets/img/slider/4.jpg]
[demo.hasthemes.com/naturecircle-v2/naturecircle/assets/img/banner/2.jpg]
[demo.hasthemes.com/naturecircle-v2/naturecircle/assets/img/banner/3.jpg]
[demo.hasthemes.com/naturecircle-v2/naturecircle/index-2.html]
[demo.hasthemes.com/naturecircle-v2/naturecircle/assets/img/logo/logo-white.png]
[demo.hasthemes.com/naturecircle-v2/naturecircle/assets/img/slider/5.jpg]
[demo.hasthemes.com/naturecircle-v2/naturecircle/assets/img/slider/6.jpg]
[demo.hasthemes.com/naturecircle-v2/naturecircle/assets/img/logo/logo-2.png]
[demo.hasthemes.com/naturecircle-v2/naturecircle/index-3.html]
[demo.hasthemes.com/naturecircle-v2/naturecircle/assets/img/logo/logo-golden-2.png]
[demo.hasthemes.com/naturecircle-v2/naturecircle/assets/img/banner/5.png]
[demo.hasthemes.com/naturecircle-v2/naturecircle/assets/img/banner/4.png]
[demo.hasthemes.com/naturecircle-v2/naturecircle/assets/img/logo/logo-golden.png]
[demo.hasthemes.com/naturecircle-v2/naturecircle/assets/img/banner/signature.png]
[demo.hasthemes.com/naturecircle-v2/naturecircle/assets/img/product/21.jpg]
[demo.hasthemes.com/naturecircle-v2/naturecircle/assets/img/product/22.jpg]
[demo.hasthemes.com/naturecircle-v2/naturecircle/assets/img/product/23.jpg]
[demo.hasthemes.com/naturecircle-v2/naturecircle/assets/img/product/24.jpg]
[demo.hasthemes.com/naturecircle-v2/naturecircle/assets/img/product/25.jpg]
[demo.hasthemes.com/naturecircle-v2/naturecircle/assets/img/product/26.jpg]
[demo.hasthemes.com/naturecircle-v2/naturecircle/assets/img/product/27.jpg]
[demo.hasthemes.com/naturecircle-v2/naturecircle/assets/img/product/28.jpg]
[demo.hasthemes.com/naturecircle-v2/naturecircle/assets/img/product/29.jpg]
[demo.hasthemes.com/naturecircle-v2/naturecircle/assets/img/product/30.jpg]
[demo.hasthemes.com/naturecircle-v2/naturecircle/assets/img/blog/4.jpg]
[demo.hasthemes.com/naturecircle-v2/naturecircle/assets/img/blog/5.jpg]
[demo.hasthemes.com/naturecircle-v2/naturecircle/assets/img/blog/6.jpg]
[demo.hasthemes.com/naturecircle-v2/naturecircle/assets/img/icon/rocket-golden.png]
[demo.hasthemes.com/naturecircle-v2/naturecircle/assets/img/icon/money-golden.png]
[demo.hasthemes.com/naturecircle-v2/naturecircle/assets/img/icon/support-golden.png]
[demo.hasthemes.com/naturecircle-v2/naturecircle/index-4.html]
[demo.hasthemes.com/naturecircle-v2/naturecircle/assets/img/banner/6.png]
[demo.hasthemes.com/naturecircle-v2/naturecircle/shop.html]
[demo.hasthemes.com/naturecircle-v2/naturecircle/shop-full-width.html]
[demo.hasthemes.com/naturecircle-v2/naturecircle/shop-right-sidebar.html]
[demo.hasthemes.com/naturecircle-v2/naturecircle/wishlist.html]
[demo.hasthemes.com/naturecircle-v2/naturecircle/cart.html]
[demo.hasthemes.com/naturecircle-v2/naturecircle/assets/img/payment-paypa.png]
[demo.hasthemes.com/naturecircle-v2/naturecircle/checkout.html]
[demo.hasthemes.com/naturecircle-v2/naturecircle/assets/img/icon/logo.jpg]
[demo.hasthemes.com/naturecircle-v2/naturecircle/product-details.html]
[demo.hasthemes.com/naturecircle-v2/naturecircle/assets/img/blog/post/1.jpg]
[demo.hasthemes.com/naturecircle-v2/naturecircle/assets/img/blog/post/2.jpg]
[demo.hasthemes.com/naturecircle-v2/naturecircle/assets/img/blog/post/3.jpg]
[demo.hasthemes.com/naturecircle-v2/naturecircle/blog.html]
[demo.hasthemes.com/naturecircle-v2/naturecircle/blog-2-column.html]
[demo.hasthemes.com/naturecircle-v2/naturecircle/blog-3-column.html]
[demo.hasthemes.com/naturecircle-v2/naturecircle/blog-left-sidebar.html]
[demo.hasthemes.com/naturecircle-v2/naturecircle/blog-details.html]
[demo.hasthemes.com/naturecircle-v2/naturecircle/blog-details-left-sidebar.html]
[demo.hasthemes.com/naturecircle-v2/naturecircle/assets/map/map.js]
[demo.hasthemes.com/naturecircle-v2/naturecircle/contact.html]
[demo.hasthemes.com/naturecircle-v2/naturecircle/404.html]
[demo.hasthemes.com/naturecircle-v2/naturecircle/assets/fonts/fontawesome-webfont3e6e.svg]
